Testing Customer Impact Ranking Logic...
Total Transformers Analyzed: 179
Critical: 36, High: 13, Medium: 14, Low: 116
Are transformers sorted by impact_score? Yes
Sample Top Transformer (#1):
  ID: DT0000000130-88U
  Impact Score: 4678.02
  Criticality Score: 5062.79
  Customers Served: 1648
  Utilization: 277.07%
  ML Risk Score: 92.4%
  Risk Level: Critical
✓ Impact score calculation matches formula.
