Total Successes: 7
SUCCESS: SL 536 | DT0000000100 -> S000100-0000007
  From: DT0000000100 (norm 100)
  To:   S000100-0000007 (norm 100-7)
SUCCESS: SL 538 | S000100-0000002 -> S000100-0000001
  From: S000100-0000002 (norm 100-2)
  To:   S000100-0000001 (norm 100-1)
SUCCESS: SL 539 | S000100-0000003 -> S000100-0000002
  From: S000100-0000003 (norm 100-3)
  To:   S000100-0000002 (norm 100-2)
SUCCESS: SL 545 | S000100-0000007 -> S000100-0000006
  From: S000100-0000007 (norm 100-7)
  To:   S000100-0000006 (norm 100-6)
SUCCESS: SL 954 | S000106-0000002 -> S000106-0000001
  From: S000106-0000002 (norm 106-2)
  To:   S000106-0000001 (norm 106-1)
SUCCESS: SL 980 | DT0000000108-24 -> S0108-0024-0001
  From: DT0000000108-24 (norm 108-24)
  To:   S0108-0024-0001 (norm 108-24-1)
SUCCESS: SL 1104 | DT0000000119 -> S000119-0000003
  From: DT0000000119 (norm 119)
  To:   S000119-0000003 (norm 119-3)
